// Jest Snapshot v1, https://goo.gl/fbAQLP

exports[`App should render card correctly 1`] = `ShallowWrapper {}`;

exports[`App should render correctly 1`] = `ShallowWrapper {}`;
